=== test/CMakeFiles/test_servicio_exportacion.dir/backend/test_servicio_exportacion.cpp.o ===
/workspace/test/backend/test_servicio_exportacion.cpp:47:21: error: 'struct Resultado<QString>' has no member named 'esExitoso'
/workspace/test/backend/test_servicio_exportacion.cpp:49:23: error: 'struct Resultado<QString>' has no member named 'obtenerValor'
/workspace/test/backend/test_servicio_exportacion.cpp:59:21: error: 'struct Resultado<QString>' has no member named 'esExitoso'
/workspace/test/backend/test_servicio_exportacion.cpp:61:23: error: 'struct Resultado<QString>' has no member named 'obtenerValor'
/workspace/test/backend/test_servicio_exportacion.cpp:73:27: error: 'struct Resultado<QString>' has no member named 'esExitoso'
/workspace/test/backend/test_servicio_exportacion.cpp:74:26: error: 'struct Resultado<QString>' has no member named 'obtenerError'
/workspace/test/backend/test_servicio_exportacion.cpp:75:26: error: 'struct Resultado<QString>' has no member named 'obtenerError'
/workspace/test/backend/test_servicio_exportacion.cpp:78:26: error: 'struct Resultado<QString>' has no member named 'esExitoso'
/workspace/test/backend/test_variables_cp_sat.cpp:64:14: error: 'struct ProfesorSolverConfig' has no member named 'horas_planificacion'
/workspace/test/backend/test_variables_cp_sat.cpp:265:9: error: 'struct ProfesorSolverConfig' has no member named 'horas_planificacion'
/workspace/test/backend/test_variables_cp_sat.cpp:290:9: error: 'struct ProfesorSolverConfig' has no member named 'horas_planificacion'
test_horario_salida.cpp:(.text._ZN18TestOutputSchedule28asignacion_output_round_tripEv[_ZN18TestOutputSchedule28asignacion_output_round_tripEv]+0x78): undefined reference to `AsignacionOutput::toJson() const'
/usr/bin/ld: test_horario_salida.cpp:(.text._ZN18TestOutputSchedule28asignacion_output_round_tripEv[_ZN18TestOutputSchedule28asignacion_output_round_tripEv]+0x2ef): undefined reference to `AsignacionOutput::fromJson(QJsonObject const&)'
test_horario_salida.cpp:(.text._ZN18TestOutputSchedule21dia_output_round_tripEv[_ZN18TestOutputSchedule21dia_output_round_tripEv]+0xdb): undefined reference to `DiaOutput::toJson() const'
/usr/bin/ld: test_horario_salida.cpp:(.text._ZN18TestOutputSchedule21dia_output_round_tripEv[_ZN18TestOutputSchedule21dia_output_round_tripEv]+0x245): undefined reference to `DiaOutput::fromJson(QJsonObject const&)'
test_horario_salida.cpp:(.text._ZN18TestOutputSchedule28dia_output_empty_assignmentsEv[_ZN18TestOutputSchedule28dia_output_empty_assignmentsEv]+0x36): undefined reference to `DiaOutput::toJson() const'
/usr/bin/ld: test_horario_salida.cpp:(.text._ZN18TestOutputSchedule28dia_output_empty_assignmentsEv[_ZN18TestOutputSchedule28dia_output_empty_assignmentsEv]+0x49): undefined reference to `DiaOutput::fromJson(QJsonObject const&)'
test_horario_salida.cpp:(.text._ZN18TestOutputSchedule23curso_output_round_tripEv[_ZN18TestOutputSchedule23curso_output_round_tripEv]+0x103): undefined reference to `CursoOutput::toJson() const'
/usr/bin/ld: test_horario_salida.cpp:(.text._ZN18TestOutputSchedule23curso_output_round_tripEv[_ZN18TestOutputSchedule23curso_output_round_tripEv]+0x2fc): undefined reference to `CursoOutput::fromJson(QJsonObject const&)'
test_horario_salida.cpp:(.text._ZN18TestOutputSchedule19metadata_round_tripEv[_ZN18TestOutputSchedule19metadata_round_tripEv]+0xa0): undefined reference to `MetadataSalida::toJson() const'
/usr/bin/ld: test_horario_salida.cpp:(.text._ZN18TestOutputSchedule19metadata_round_tripEv[_ZN18TestOutputSchedule19metadata_round_tripEv]+0xb9): undefined reference to `MetadataSalida::fromJson(QJsonObject const&)'
test_horario_salida.cpp:(.text._ZN18TestOutputSchedule25horario_salida_round_tripEv[_ZN18TestOutputSchedule25horario_salida_round_tripEv]+0x459): undefined reference to `HorarioSalida::toJson() const'
/usr/bin/ld: test_horario_salida.cpp:(.text._ZN18TestOutputSchedule25horario_salida_round_tripEv[_ZN18TestOutputSchedule25horario_salida_round_tripEv]+0x648): undefined reference to `HorarioSalida::fromJson(QJsonObject const&)'
test_horario_salida.cpp:(.text._ZN18TestOutputSchedule29horario_salida_empty_scheduleEv[_ZN18TestOutputSchedule29horario_salida_empty_scheduleEv]+0x3a): undefined reference to `HorarioSalida::toJson() const'
/usr/bin/ld: test_horario_salida.cpp:(.text._ZN18TestOutputSchedule29horario_salida_empty_scheduleEv[_ZN18TestOutputSchedule29horario_salida_empty_scheduleEv]+0x50): undefined reference to `HorarioSalida::fromJson(QJsonObject const&)'
collect2: error: ld returned 1 exit status
test_servicio_consulta_horario.cpp:(.text._ZN27TestServicioConsultaHorario32buscar_profesor_con_asignacionesEv[_ZN27TestServicioConsultaHorario32buscar_profesor_con_asignacionesEv]+0x41): undefined reference to `ServicioConsultaHorario::ServicioConsultaHorario(HorarioSalida const&)'
/usr/bin/ld: test_servicio_consulta_horario.cpp:(.text._ZN27TestServicioConsultaHorario32buscar_profesor_con_asignacionesEv[_ZN27TestServicioConsultaHorario32buscar_profesor_con_asignacionesEv]+0x5f): undefined reference to `ServicioConsultaHorario::buscarPorProfesor(int) const'
test_servicio_consulta_horario.cpp:(.text._ZN27TestServicioConsultaHorario32buscar_profesor_sin_asignacionesEv[_ZN27TestServicioConsultaHorario32buscar_profesor_sin_asignacionesEv]+0x38): undefined reference to `ServicioConsultaHorario::ServicioConsultaHorario(HorarioSalida const&)'
/usr/bin/ld: test_servicio_consulta_horario.cpp:(.text._ZN27TestServicioConsultaHorario32buscar_profesor_sin_asignacionesEv[_ZN27TestServicioConsultaHorario32buscar_profesor_sin_asignacionesEv]+0x53): undefined reference to `ServicioConsultaHorario::buscarPorProfesor(int) const'
test_servicio_consulta_horario.cpp:(.text._ZN27TestServicioConsultaHorario28buscar_aula_con_asignacionesEv[_ZN27TestServicioConsultaHorario28buscar_aula_con_asignacionesEv]+0x38): undefined reference to `ServicioConsultaHorario::ServicioConsultaHorario(HorarioSalida const&)'
/usr/bin/ld: test_servicio_consulta_horario.cpp:(.text._ZN27TestServicioConsultaHorario28buscar_aula_con_asignacionesEv[_ZN27TestServicioConsultaHorario28buscar_aula_con_asignacionesEv]+0x53): undefined reference to `ServicioConsultaHorario::buscarPorAula(int) const'
test_servicio_consulta_horario.cpp:(.text._ZN27TestServicioConsultaHorario20buscar_aula_no_usadaEv[_ZN27TestServicioConsultaHorario20buscar_aula_no_usadaEv]+0x38): undefined reference to `ServicioConsultaHorario::ServicioConsultaHorario(HorarioSalida const&)'
/usr/bin/ld: test_servicio_consulta_horario.cpp:(.text._ZN27TestServicioConsultaHorario20buscar_aula_no_usadaEv[_ZN27TestServicioConsultaHorario20buscar_aula_no_usadaEv]+0x53): undefined reference to `ServicioConsultaHorario::buscarPorAula(int) const'
test_servicio_consulta_horario.cpp:(.text._ZN27TestServicioConsultaHorario27buscar_dia_con_asignacionesEv[_ZN27TestServicioConsultaHorario27buscar_dia_con_asignacionesEv]+0x38): undefined reference to `ServicioConsultaHorario::ServicioConsultaHorario(HorarioSalida const&)'
/usr/bin/ld: test_servicio_consulta_horario.cpp:(.text._ZN27TestServicioConsultaHorario27buscar_dia_con_asignacionesEv[_ZN27TestServicioConsultaHorario27buscar_dia_con_asignacionesEv]+0x53): undefined reference to `ServicioConsultaHorario::buscarPorDia(int) const'
test_servicio_consulta_horario.cpp:(.text._ZN27TestServicioConsultaHorario27buscar_dia_sin_asignacionesEv[_ZN27TestServicioConsultaHorario27buscar_dia_sin_asignacionesEv]+0x38): undefined reference to `ServicioConsultaHorario::ServicioConsultaHorario(HorarioSalida const&)'
/usr/bin/ld: test_servicio_consulta_horario.cpp:(.text._ZN27TestServicioConsultaHorario27buscar_dia_sin_asignacionesEv[_ZN27TestServicioConsultaHorario27buscar_dia_sin_asignacionesEv]+0x53): undefined reference to `ServicioConsultaHorario::buscarPorDia(int) const'
test_servicio_consulta_horario.cpp:(.text._ZN27TestServicioConsultaHorario22buscar_curso_existenteEv[_ZN27TestServicioConsultaHorario22buscar_curso_existenteEv]+0x41): undefined reference to `ServicioConsultaHorario::ServicioConsultaHorario(HorarioSalida const&)'
/usr/bin/ld: test_servicio_consulta_horario.cpp:(.text._ZN27TestServicioConsultaHorario22buscar_curso_existenteEv[_ZN27TestServicioConsultaHorario22buscar_curso_existenteEv]+0x74): undefined reference to `ServicioConsultaHorario::buscarPorCurso(QString const&) const'
=== test/CMakeFiles/test_backend_variables_cp_sat.dir/backend/test_variables_cp_sat.cpp.o ===
/workspace/test/backend/test_variables_cp_sat.cpp:64:14: error: 'struct ProfesorSolverConfig' has no member named 'horas_planificacion'
/workspace/test/backend/test_variables_cp_sat.cpp:265:9: error: 'struct ProfesorSolverConfig' has no member named 'horas_planificacion'
/workspace/test/backend/test_variables_cp_sat.cpp:290:9: error: 'struct ProfesorSolverConfig' has no member named 'horas_planificacion'
test_horario_salida.cpp:(.text._ZN18TestOutputSchedule28asignacion_output_round_tripEv[_ZN18TestOutputSchedule28asignacion_output_round_tripEv]+0x78): undefined reference to `AsignacionOutput::toJson() const'
/usr/bin/ld: test_horario_salida.cpp:(.text._ZN18TestOutputSchedule28asignacion_output_round_tripEv[_ZN18TestOutputSchedule28asignacion_output_round_tripEv]+0x2ef): undefined reference to `AsignacionOutput::fromJson(QJsonObject const&)'
test_horario_salida.cpp:(.text._ZN18TestOutputSchedule21dia_output_round_tripEv[_ZN18TestOutputSchedule21dia_output_round_tripEv]+0xdb): undefined reference to `DiaOutput::toJson() const'
/usr/bin/ld: test_horario_salida.cpp:(.text._ZN18TestOutputSchedule21dia_output_round_tripEv[_ZN18TestOutputSchedule21dia_output_round_tripEv]+0x245): undefined reference to `DiaOutput::fromJson(QJsonObject const&)'
test_horario_salida.cpp:(.text._ZN18TestOutputSchedule28dia_output_empty_assignmentsEv[_ZN18TestOutputSchedule28dia_output_empty_assignmentsEv]+0x36): undefined reference to `DiaOutput::toJson() const'
/usr/bin/ld: test_horario_salida.cpp:(.text._ZN18TestOutputSchedule28dia_output_empty_assignmentsEv[_ZN18TestOutputSchedule28dia_output_empty_assignmentsEv]+0x49): undefined reference to `DiaOutput::fromJson(QJsonObject const&)'
test_horario_salida.cpp:(.text._ZN18TestOutputSchedule23curso_output_round_tripEv[_ZN18TestOutputSchedule23curso_output_round_tripEv]+0x103): undefined reference to `CursoOutput::toJson() const'
/usr/bin/ld: test_horario_salida.cpp:(.text._ZN18TestOutputSchedule23curso_output_round_tripEv[_ZN18TestOutputSchedule23curso_output_round_tripEv]+0x2fc): undefined reference to `CursoOutput::fromJson(QJsonObject const&)'
test_horario_salida.cpp:(.text._ZN18TestOutputSchedule19metadata_round_tripEv[_ZN18TestOutputSchedule19metadata_round_tripEv]+0xa0): undefined reference to `MetadataSalida::toJson() const'
/usr/bin/ld: test_horario_salida.cpp:(.text._ZN18TestOutputSchedule19metadata_round_tripEv[_ZN18TestOutputSchedule19metadata_round_tripEv]+0xb9): undefined reference to `MetadataSalida::fromJson(QJsonObject const&)'
test_horario_salida.cpp:(.text._ZN18TestOutputSchedule25horario_salida_round_tripEv[_ZN18TestOutputSchedule25horario_salida_round_tripEv]+0x459): undefined reference to `HorarioSalida::toJson() const'
/usr/bin/ld: test_horario_salida.cpp:(.text._ZN18TestOutputSchedule25horario_salida_round_tripEv[_ZN18TestOutputSchedule25horario_salida_round_tripEv]+0x648): undefined reference to `HorarioSalida::fromJson(QJsonObject const&)'
test_horario_salida.cpp:(.text._ZN18TestOutputSchedule29horario_salida_empty_scheduleEv[_ZN18TestOutputSchedule29horario_salida_empty_scheduleEv]+0x3a): undefined reference to `HorarioSalida::toJson() const'
/usr/bin/ld: test_horario_salida.cpp:(.text._ZN18TestOutputSchedule29horario_salida_empty_scheduleEv[_ZN18TestOutputSchedule29horario_salida_empty_scheduleEv]+0x50): undefined reference to `HorarioSalida::fromJson(QJsonObject const&)'
collect2: error: ld returned 1 exit status
test_servicio_consulta_horario.cpp:(.text._ZN27TestServicioConsultaHorario32buscar_profesor_con_asignacionesEv[_ZN27TestServicioConsultaHorario32buscar_profesor_con_asignacionesEv]+0x41): undefined reference to `ServicioConsultaHorario::ServicioConsultaHorario(HorarioSalida const&)'
/usr/bin/ld: test_servicio_consulta_horario.cpp:(.text._ZN27TestServicioConsultaHorario32buscar_profesor_con_asignacionesEv[_ZN27TestServicioConsultaHorario32buscar_profesor_con_asignacionesEv]+0x5f): undefined reference to `ServicioConsultaHorario::buscarPorProfesor(int) const'
test_servicio_consulta_horario.cpp:(.text._ZN27TestServicioConsultaHorario32buscar_profesor_sin_asignacionesEv[_ZN27TestServicioConsultaHorario32buscar_profesor_sin_asignacionesEv]+0x38): undefined reference to `ServicioConsultaHorario::ServicioConsultaHorario(HorarioSalida const&)'
/usr/bin/ld: test_servicio_consulta_horario.cpp:(.text._ZN27TestServicioConsultaHorario32buscar_profesor_sin_asignacionesEv[_ZN27TestServicioConsultaHorario32buscar_profesor_sin_asignacionesEv]+0x53): undefined reference to `ServicioConsultaHorario::buscarPorProfesor(int) const'
test_servicio_consulta_horario.cpp:(.text._ZN27TestServicioConsultaHorario28buscar_aula_con_asignacionesEv[_ZN27TestServicioConsultaHorario28buscar_aula_con_asignacionesEv]+0x38): undefined reference to `ServicioConsultaHorario::ServicioConsultaHorario(HorarioSalida const&)'
/usr/bin/ld: test_servicio_consulta_horario.cpp:(.text._ZN27TestServicioConsultaHorario28buscar_aula_con_asignacionesEv[_ZN27TestServicioConsultaHorario28buscar_aula_con_asignacionesEv]+0x53): undefined reference to `ServicioConsultaHorario::buscarPorAula(int) const'
test_servicio_consulta_horario.cpp:(.text._ZN27TestServicioConsultaHorario20buscar_aula_no_usadaEv[_ZN27TestServicioConsultaHorario20buscar_aula_no_usadaEv]+0x38): undefined reference to `ServicioConsultaHorario::ServicioConsultaHorario(HorarioSalida const&)'
/usr/bin/ld: test_servicio_consulta_horario.cpp:(.text._ZN27TestServicioConsultaHorario20buscar_aula_no_usadaEv[_ZN27TestServicioConsultaHorario20buscar_aula_no_usadaEv]+0x53): undefined reference to `ServicioConsultaHorario::buscarPorAula(int) const'
test_servicio_consulta_horario.cpp:(.text._ZN27TestServicioConsultaHorario27buscar_dia_con_asignacionesEv[_ZN27TestServicioConsultaHorario27buscar_dia_con_asignacionesEv]+0x38): undefined reference to `ServicioConsultaHorario::ServicioConsultaHorario(HorarioSalida const&)'
/usr/bin/ld: test_servicio_consulta_horario.cpp:(.text._ZN27TestServicioConsultaHorario27buscar_dia_con_asignacionesEv[_ZN27TestServicioConsultaHorario27buscar_dia_con_asignacionesEv]+0x53): undefined reference to `ServicioConsultaHorario::buscarPorDia(int) const'
test_servicio_consulta_horario.cpp:(.text._ZN27TestServicioConsultaHorario27buscar_dia_sin_asignacionesEv[_ZN27TestServicioConsultaHorario27buscar_dia_sin_asignacionesEv]+0x38): undefined reference to `ServicioConsultaHorario::ServicioConsultaHorario(HorarioSalida const&)'
/usr/bin/ld: test_servicio_consulta_horario.cpp:(.text._ZN27TestServicioConsultaHorario27buscar_dia_sin_asignacionesEv[_ZN27TestServicioConsultaHorario27buscar_dia_sin_asignacionesEv]+0x53): undefined reference to `ServicioConsultaHorario::buscarPorDia(int) const'
test_servicio_consulta_horario.cpp:(.text._ZN27TestServicioConsultaHorario22buscar_curso_existenteEv[_ZN27TestServicioConsultaHorario22buscar_curso_existenteEv]+0x41): undefined reference to `ServicioConsultaHorario::ServicioConsultaHorario(HorarioSalida const&)'
/usr/bin/ld: test_servicio_consulta_horario.cpp:(.text._ZN27TestServicioConsultaHorario22buscar_curso_existenteEv[_ZN27TestServicioConsultaHorario22buscar_curso_existenteEv]+0x74): undefined reference to `ServicioConsultaHorario::buscarPorCurso(QString const&) const'
test_servicio_consulta_horario.cpp:(.text._ZN27TestServicioConsultaHorario25buscar_curso_no_existenteEv[_ZN27TestServicioConsultaHorario25buscar_curso_no_existenteEv]+0x41): undefined reference to `ServicioConsultaHorario::ServicioConsultaHorario(HorarioSalida const&)'
/usr/bin/ld: test_servicio_consulta_horario.cpp:(.text._ZN27TestServicioConsultaHorario25buscar_curso_no_existenteEv[_ZN27TestServicioConsultaHorario25buscar_curso_no_existenteEv]+0x74): undefined reference to `ServicioConsultaHorario::buscarPorCurso(QString const&) const'
test_servicio_consulta_horario.cpp:(.text._ZN27TestServicioConsultaHorario28detectar_conflictos_profesorEv[_ZN27TestServicioConsultaHorario28detectar_conflictos_profesorEv]+0x2b5): undefined reference to `ServicioConsultaHorario::ServicioConsultaHorario(HorarioSalida const&)'
/usr/bin/ld: test_servicio_consulta_horario.cpp:(.text._ZN27TestServicioConsultaHorario28detectar_conflictos_profesorEv[_ZN27TestServicioConsultaHorario28detectar_conflictos_profesorEv]+0x2ce): undefined reference to `ServicioConsultaHorario::detectarConflictos() const'
test_servicio_consulta_horario.cpp:(.text._ZN27TestServicioConsultaHorario24detectar_conflictos_aulaEv[_ZN27TestServicioConsultaHorario24detectar_conflictos_aulaEv]+0x2b5): undefined reference to `ServicioConsultaHorario::ServicioConsultaHorario(HorarioSalida const&)'
/usr/bin/ld: test_servicio_consulta_horario.cpp:(.text._ZN27TestServicioConsultaHorario24detectar_conflictos_aulaEv[_ZN27TestServicioConsultaHorario24detectar_conflictos_aulaEv]+0x2ce): undefined reference to `ServicioConsultaHorario::detectarConflictos() const'
test_servicio_consulta_horario.cpp:(.text._ZN27TestServicioConsultaHorario25detectar_conflictos_ambosEv[_ZN27TestServicioConsultaHorario25detectar_conflictos_ambosEv]+0x2af): undefined reference to `ServicioConsultaHorario::ServicioConsultaHorario(HorarioSalida const&)'
/usr/bin/ld: test_servicio_consulta_horario.cpp:(.text._ZN27TestServicioConsultaHorario25detectar_conflictos_ambosEv[_ZN27TestServicioConsultaHorario25detectar_conflictos_ambosEv]+0x2c8): undefined reference to `ServicioConsultaHorario::detectarConflictos() const'
=== test/test_horario_salida ===
test_horario_salida.cpp:(.text._ZN18TestOutputSchedule28asignacion_output_round_tripEv[_ZN18TestOutputSchedule28asignacion_output_round_tripEv]+0x78): undefined reference to `AsignacionOutput::toJson() const'
/usr/bin/ld: test_horario_salida.cpp:(.text._ZN18TestOutputSchedule28asignacion_output_round_tripEv[_ZN18TestOutputSchedule28asignacion_output_round_tripEv]+0x2ef): undefined reference to `AsignacionOutput::fromJson(QJsonObject const&)'
test_horario_salida.cpp:(.text._ZN18TestOutputSchedule21dia_output_round_tripEv[_ZN18TestOutputSchedule21dia_output_round_tripEv]+0xdb): undefined reference to `DiaOutput::toJson() const'
/usr/bin/ld: test_horario_salida.cpp:(.text._ZN18TestOutputSchedule21dia_output_round_tripEv[_ZN18TestOutputSchedule21dia_output_round_tripEv]+0x245): undefined reference to `DiaOutput::fromJson(QJsonObject const&)'
test_horario_salida.cpp:(.text._ZN18TestOutputSchedule28dia_output_empty_assignmentsEv[_ZN18TestOutputSchedule28dia_output_empty_assignmentsEv]+0x36): undefined reference to `DiaOutput::toJson() const'
/usr/bin/ld: test_horario_salida.cpp:(.text._ZN18TestOutputSchedule28dia_output_empty_assignmentsEv[_ZN18TestOutputSchedule28dia_output_empty_assignmentsEv]+0x49): undefined reference to `DiaOutput::fromJson(QJsonObject const&)'
test_horario_salida.cpp:(.text._ZN18TestOutputSchedule23curso_output_round_tripEv[_ZN18TestOutputSchedule23curso_output_round_tripEv]+0x103): undefined reference to `CursoOutput::toJson() const'
/usr/bin/ld: test_horario_salida.cpp:(.text._ZN18TestOutputSchedule23curso_output_round_tripEv[_ZN18TestOutputSchedule23curso_output_round_tripEv]+0x2fc): undefined reference to `CursoOutput::fromJson(QJsonObject const&)'
test_horario_salida.cpp:(.text._ZN18TestOutputSchedule19metadata_round_tripEv[_ZN18TestOutputSchedule19metadata_round_tripEv]+0xa0): undefined reference to `MetadataSalida::toJson() const'
/usr/bin/ld: test_horario_salida.cpp:(.text._ZN18TestOutputSchedule19metadata_round_tripEv[_ZN18TestOutputSchedule19metadata_round_tripEv]+0xb9): undefined reference to `MetadataSalida::fromJson(QJsonObject const&)'
test_horario_salida.cpp:(.text._ZN18TestOutputSchedule25horario_salida_round_tripEv[_ZN18TestOutputSchedule25horario_salida_round_tripEv]+0x459): undefined reference to `HorarioSalida::toJson() const'
/usr/bin/ld: test_horario_salida.cpp:(.text._ZN18TestOutputSchedule25horario_salida_round_tripEv[_ZN18TestOutputSchedule25horario_salida_round_tripEv]+0x648): undefined reference to `HorarioSalida::fromJson(QJsonObject const&)'
test_horario_salida.cpp:(.text._ZN18TestOutputSchedule29horario_salida_empty_scheduleEv[_ZN18TestOutputSchedule29horario_salida_empty_scheduleEv]+0x3a): undefined reference to `HorarioSalida::toJson() const'
/usr/bin/ld: test_horario_salida.cpp:(.text._ZN18TestOutputSchedule29horario_salida_empty_scheduleEv[_ZN18TestOutputSchedule29horario_salida_empty_scheduleEv]+0x50): undefined reference to `HorarioSalida::fromJson(QJsonObject const&)'
collect2: error: ld returned 1 exit status
test_servicio_consulta_horario.cpp:(.text._ZN27TestServicioConsultaHorario32buscar_profesor_con_asignacionesEv[_ZN27TestServicioConsultaHorario32buscar_profesor_con_asignacionesEv]+0x41): undefined reference to `ServicioConsultaHorario::ServicioConsultaHorario(HorarioSalida const&)'
/usr/bin/ld: test_servicio_consulta_horario.cpp:(.text._ZN27TestServicioConsultaHorario32buscar_profesor_con_asignacionesEv[_ZN27TestServicioConsultaHorario32buscar_profesor_con_asignacionesEv]+0x5f): undefined reference to `ServicioConsultaHorario::buscarPorProfesor(int) const'
test_servicio_consulta_horario.cpp:(.text._ZN27TestServicioConsultaHorario32buscar_profesor_sin_asignacionesEv[_ZN27TestServicioConsultaHorario32buscar_profesor_sin_asignacionesEv]+0x38): undefined reference to `ServicioConsultaHorario::ServicioConsultaHorario(HorarioSalida const&)'
/usr/bin/ld: test_servicio_consulta_horario.cpp:(.text._ZN27TestServicioConsultaHorario32buscar_profesor_sin_asignacionesEv[_ZN27TestServicioConsultaHorario32buscar_profesor_sin_asignacionesEv]+0x53): undefined reference to `ServicioConsultaHorario::buscarPorProfesor(int) const'
test_servicio_consulta_horario.cpp:(.text._ZN27TestServicioConsultaHorario28buscar_aula_con_asignacionesEv[_ZN27TestServicioConsultaHorario28buscar_aula_con_asignacionesEv]+0x38): undefined reference to `ServicioConsultaHorario::ServicioConsultaHorario(HorarioSalida const&)'
/usr/bin/ld: test_servicio_consulta_horario.cpp:(.text._ZN27TestServicioConsultaHorario28buscar_aula_con_asignacionesEv[_ZN27TestServicioConsultaHorario28buscar_aula_con_asignacionesEv]+0x53): undefined reference to `ServicioConsultaHorario::buscarPorAula(int) const'
test_servicio_consulta_horario.cpp:(.text._ZN27TestServicioConsultaHorario20buscar_aula_no_usadaEv[_ZN27TestServicioConsultaHorario20buscar_aula_no_usadaEv]+0x38): undefined reference to `ServicioConsultaHorario::ServicioConsultaHorario(HorarioSalida const&)'
/usr/bin/ld: test_servicio_consulta_horario.cpp:(.text._ZN27TestServicioConsultaHorario20buscar_aula_no_usadaEv[_ZN27TestServicioConsultaHorario20buscar_aula_no_usadaEv]+0x53): undefined reference to `ServicioConsultaHorario::buscarPorAula(int) const'
test_servicio_consulta_horario.cpp:(.text._ZN27TestServicioConsultaHorario27buscar_dia_con_asignacionesEv[_ZN27TestServicioConsultaHorario27buscar_dia_con_asignacionesEv]+0x38): undefined reference to `ServicioConsultaHorario::ServicioConsultaHorario(HorarioSalida const&)'
/usr/bin/ld: test_servicio_consulta_horario.cpp:(.text._ZN27TestServicioConsultaHorario27buscar_dia_con_asignacionesEv[_ZN27TestServicioConsultaHorario27buscar_dia_con_asignacionesEv]+0x53): undefined reference to `ServicioConsultaHorario::buscarPorDia(int) const'
test_servicio_consulta_horario.cpp:(.text._ZN27TestServicioConsultaHorario27buscar_dia_sin_asignacionesEv[_ZN27TestServicioConsultaHorario27buscar_dia_sin_asignacionesEv]+0x38): undefined reference to `ServicioConsultaHorario::ServicioConsultaHorario(HorarioSalida const&)'
/usr/bin/ld: test_servicio_consulta_horario.cpp:(.text._ZN27TestServicioConsultaHorario27buscar_dia_sin_asignacionesEv[_ZN27TestServicioConsultaHorario27buscar_dia_sin_asignacionesEv]+0x53): undefined reference to `ServicioConsultaHorario::buscarPorDia(int) const'
test_servicio_consulta_horario.cpp:(.text._ZN27TestServicioConsultaHorario22buscar_curso_existenteEv[_ZN27TestServicioConsultaHorario22buscar_curso_existenteEv]+0x41): undefined reference to `ServicioConsultaHorario::ServicioConsultaHorario(HorarioSalida const&)'
/usr/bin/ld: test_servicio_consulta_horario.cpp:(.text._ZN27TestServicioConsultaHorario22buscar_curso_existenteEv[_ZN27TestServicioConsultaHorario22buscar_curso_existenteEv]+0x74): undefined reference to `ServicioConsultaHorario::buscarPorCurso(QString const&) const'
test_servicio_consulta_horario.cpp:(.text._ZN27TestServicioConsultaHorario25buscar_curso_no_existenteEv[_ZN27TestServicioConsultaHorario25buscar_curso_no_existenteEv]+0x41): undefined reference to `ServicioConsultaHorario::ServicioConsultaHorario(HorarioSalida const&)'
/usr/bin/ld: test_servicio_consulta_horario.cpp:(.text._ZN27TestServicioConsultaHorario25buscar_curso_no_existenteEv[_ZN27TestServicioConsultaHorario25buscar_curso_no_existenteEv]+0x74): undefined reference to `ServicioConsultaHorario::buscarPorCurso(QString const&) const'
test_servicio_consulta_horario.cpp:(.text._ZN27TestServicioConsultaHorario28detectar_conflictos_profesorEv[_ZN27TestServicioConsultaHorario28detectar_conflictos_profesorEv]+0x2b5): undefined reference to `ServicioConsultaHorario::ServicioConsultaHorario(HorarioSalida const&)'
/usr/bin/ld: test_servicio_consulta_horario.cpp:(.text._ZN27TestServicioConsultaHorario28detectar_conflictos_profesorEv[_ZN27TestServicioConsultaHorario28detectar_conflictos_profesorEv]+0x2ce): undefined reference to `ServicioConsultaHorario::detectarConflictos() const'
test_servicio_consulta_horario.cpp:(.text._ZN27TestServicioConsultaHorario24detectar_conflictos_aulaEv[_ZN27TestServicioConsultaHorario24detectar_conflictos_aulaEv]+0x2b5): undefined reference to `ServicioConsultaHorario::ServicioConsultaHorario(HorarioSalida const&)'
/usr/bin/ld: test_servicio_consulta_horario.cpp:(.text._ZN27TestServicioConsultaHorario24detectar_conflictos_aulaEv[_ZN27TestServicioConsultaHorario24detectar_conflictos_aulaEv]+0x2ce): undefined reference to `ServicioConsultaHorario::detectarConflictos() const'
test_servicio_consulta_horario.cpp:(.text._ZN27TestServicioConsultaHorario25detectar_conflictos_ambosEv[_ZN27TestServicioConsultaHorario25detectar_conflictos_ambosEv]+0x2af): undefined reference to `ServicioConsultaHorario::ServicioConsultaHorario(HorarioSalida const&)'
/usr/bin/ld: test_servicio_consulta_horario.cpp:(.text._ZN27TestServicioConsultaHorario25detectar_conflictos_ambosEv[_ZN27TestServicioConsultaHorario25detectar_conflictos_ambosEv]+0x2c8): undefined reference to `ServicioConsultaHorario::detectarConflictos() const'
test_servicio_consulta_horario.cpp:(.text._ZN27TestServicioConsultaHorario27detectar_conflictos_ningunoEv[_ZN27TestServicioConsultaHorario27detectar_conflictos_ningunoEv]+0x38): undefined reference to `ServicioConsultaHorario::ServicioConsultaHorario(HorarioSalida const&)'
/usr/bin/ld: test_servicio_consulta_horario.cpp:(.text._ZN27TestServicioConsultaHorario27detectar_conflictos_ningunoEv[_ZN27TestServicioConsultaHorario27detectar_conflictos_ningunoEv]+0x4e): undefined reference to `ServicioConsultaHorario::detectarConflictos() const'
test_servicio_consulta_horario.cpp:(.text._ZN27TestServicioConsultaHorario18hay_conflicto_trueEv[_ZN27TestServicioConsultaHorario18hay_conflicto_trueEv]+0x2b2): undefined reference to `ServicioConsultaHorario::ServicioConsultaHorario(HorarioSalida const&)'
=== test/test_servicio_consulta_horario ===
test_servicio_consulta_horario.cpp:(.text._ZN27TestServicioConsultaHorario32buscar_profesor_con_asignacionesEv[_ZN27TestServicioConsultaHorario32buscar_profesor_con_asignacionesEv]+0x41): undefined reference to `ServicioConsultaHorario::ServicioConsultaHorario(HorarioSalida const&)'
/usr/bin/ld: test_servicio_consulta_horario.cpp:(.text._ZN27TestServicioConsultaHorario32buscar_profesor_con_asignacionesEv[_ZN27TestServicioConsultaHorario32buscar_profesor_con_asignacionesEv]+0x5f): undefined reference to `ServicioConsultaHorario::buscarPorProfesor(int) const'
test_servicio_consulta_horario.cpp:(.text._ZN27TestServicioConsultaHorario32buscar_profesor_sin_asignacionesEv[_ZN27TestServicioConsultaHorario32buscar_profesor_sin_asignacionesEv]+0x38): undefined reference to `ServicioConsultaHorario::ServicioConsultaHorario(HorarioSalida const&)'
/usr/bin/ld: test_servicio_consulta_horario.cpp:(.text._ZN27TestServicioConsultaHorario32buscar_profesor_sin_asignacionesEv[_ZN27TestServicioConsultaHorario32buscar_profesor_sin_asignacionesEv]+0x53): undefined reference to `ServicioConsultaHorario::buscarPorProfesor(int) const'
test_servicio_consulta_horario.cpp:(.text._ZN27TestServicioConsultaHorario28buscar_aula_con_asignacionesEv[_ZN27TestServicioConsultaHorario28buscar_aula_con_asignacionesEv]+0x38): undefined reference to `ServicioConsultaHorario::ServicioConsultaHorario(HorarioSalida const&)'
/usr/bin/ld: test_servicio_consulta_horario.cpp:(.text._ZN27TestServicioConsultaHorario28buscar_aula_con_asignacionesEv[_ZN27TestServicioConsultaHorario28buscar_aula_con_asignacionesEv]+0x53): undefined reference to `ServicioConsultaHorario::buscarPorAula(int) const'
test_servicio_consulta_horario.cpp:(.text._ZN27TestServicioConsultaHorario20buscar_aula_no_usadaEv[_ZN27TestServicioConsultaHorario20buscar_aula_no_usadaEv]+0x38): undefined reference to `ServicioConsultaHorario::ServicioConsultaHorario(HorarioSalida const&)'
/usr/bin/ld: test_servicio_consulta_horario.cpp:(.text._ZN27TestServicioConsultaHorario20buscar_aula_no_usadaEv[_ZN27TestServicioConsultaHorario20buscar_aula_no_usadaEv]+0x53): undefined reference to `ServicioConsultaHorario::buscarPorAula(int) const'
test_servicio_consulta_horario.cpp:(.text._ZN27TestServicioConsultaHorario27buscar_dia_con_asignacionesEv[_ZN27TestServicioConsultaHorario27buscar_dia_con_asignacionesEv]+0x38): undefined reference to `ServicioConsultaHorario::ServicioConsultaHorario(HorarioSalida const&)'
/usr/bin/ld: test_servicio_consulta_horario.cpp:(.text._ZN27TestServicioConsultaHorario27buscar_dia_con_asignacionesEv[_ZN27TestServicioConsultaHorario27buscar_dia_con_asignacionesEv]+0x53): undefined reference to `ServicioConsultaHorario::buscarPorDia(int) const'
test_servicio_consulta_horario.cpp:(.text._ZN27TestServicioConsultaHorario27buscar_dia_sin_asignacionesEv[_ZN27TestServicioConsultaHorario27buscar_dia_sin_asignacionesEv]+0x38): undefined reference to `ServicioConsultaHorario::ServicioConsultaHorario(HorarioSalida const&)'
/usr/bin/ld: test_servicio_consulta_horario.cpp:(.text._ZN27TestServicioConsultaHorario27buscar_dia_sin_asignacionesEv[_ZN27TestServicioConsultaHorario27buscar_dia_sin_asignacionesEv]+0x53): undefined reference to `ServicioConsultaHorario::buscarPorDia(int) const'
test_servicio_consulta_horario.cpp:(.text._ZN27TestServicioConsultaHorario22buscar_curso_existenteEv[_ZN27TestServicioConsultaHorario22buscar_curso_existenteEv]+0x41): undefined reference to `ServicioConsultaHorario::ServicioConsultaHorario(HorarioSalida const&)'
/usr/bin/ld: test_servicio_consulta_horario.cpp:(.text._ZN27TestServicioConsultaHorario22buscar_curso_existenteEv[_ZN27TestServicioConsultaHorario22buscar_curso_existenteEv]+0x74): undefined reference to `ServicioConsultaHorario::buscarPorCurso(QString const&) const'
test_servicio_consulta_horario.cpp:(.text._ZN27TestServicioConsultaHorario25buscar_curso_no_existenteEv[_ZN27TestServicioConsultaHorario25buscar_curso_no_existenteEv]+0x41): undefined reference to `ServicioConsultaHorario::ServicioConsultaHorario(HorarioSalida const&)'
/usr/bin/ld: test_servicio_consulta_horario.cpp:(.text._ZN27TestServicioConsultaHorario25buscar_curso_no_existenteEv[_ZN27TestServicioConsultaHorario25buscar_curso_no_existenteEv]+0x74): undefined reference to `ServicioConsultaHorario::buscarPorCurso(QString const&) const'
test_servicio_consulta_horario.cpp:(.text._ZN27TestServicioConsultaHorario28detectar_conflictos_profesorEv[_ZN27TestServicioConsultaHorario28detectar_conflictos_profesorEv]+0x2b5): undefined reference to `ServicioConsultaHorario::ServicioConsultaHorario(HorarioSalida const&)'
/usr/bin/ld: test_servicio_consulta_horario.cpp:(.text._ZN27TestServicioConsultaHorario28detectar_conflictos_profesorEv[_ZN27TestServicioConsultaHorario28detectar_conflictos_profesorEv]+0x2ce): undefined reference to `ServicioConsultaHorario::detectarConflictos() const'
test_servicio_consulta_horario.cpp:(.text._ZN27TestServicioConsultaHorario24detectar_conflictos_aulaEv[_ZN27TestServicioConsultaHorario24detectar_conflictos_aulaEv]+0x2b5): undefined reference to `ServicioConsultaHorario::ServicioConsultaHorario(HorarioSalida const&)'
/usr/bin/ld: test_servicio_consulta_horario.cpp:(.text._ZN27TestServicioConsultaHorario24detectar_conflictos_aulaEv[_ZN27TestServicioConsultaHorario24detectar_conflictos_aulaEv]+0x2ce): undefined reference to `ServicioConsultaHorario::detectarConflictos() const'
test_servicio_consulta_horario.cpp:(.text._ZN27TestServicioConsultaHorario25detectar_conflictos_ambosEv[_ZN27TestServicioConsultaHorario25detectar_conflictos_ambosEv]+0x2af): undefined reference to `ServicioConsultaHorario::ServicioConsultaHorario(HorarioSalida const&)'
/usr/bin/ld: test_servicio_consulta_horario.cpp:(.text._ZN27TestServicioConsultaHorario25detectar_conflictos_ambosEv[_ZN27TestServicioConsultaHorario25detectar_conflictos_ambosEv]+0x2c8): undefined reference to `ServicioConsultaHorario::detectarConflictos() const'
test_servicio_consulta_horario.cpp:(.text._ZN27TestServicioConsultaHorario27detectar_conflictos_ningunoEv[_ZN27TestServicioConsultaHorario27detectar_conflictos_ningunoEv]+0x38): undefined reference to `ServicioConsultaHorario::ServicioConsultaHorario(HorarioSalida const&)'
/usr/bin/ld: test_servicio_consulta_horario.cpp:(.text._ZN27TestServicioConsultaHorario27detectar_conflictos_ningunoEv[_ZN27TestServicioConsultaHorario27detectar_conflictos_ningunoEv]+0x4e): undefined reference to `ServicioConsultaHorario::detectarConflictos() const'
test_servicio_consulta_horario.cpp:(.text._ZN27TestServicioConsultaHorario18hay_conflicto_trueEv[_ZN27TestServicioConsultaHorario18hay_conflicto_trueEv]+0x2b2): undefined reference to `ServicioConsultaHorario::ServicioConsultaHorario(HorarioSalida const&)'
/usr/bin/ld: test_servicio_consulta_horario.cpp:(.text._ZN27TestServicioConsultaHorario18hay_conflicto_trueEv[_ZN27TestServicioConsultaHorario18hay_conflicto_trueEv]+0x2ed): undefined reference to `ServicioConsultaHorario::hayConflicto(QString const&, int, int) const'
test_servicio_consulta_horario.cpp:(.text._ZN27TestServicioConsultaHorario19hay_conflicto_falseEv[_ZN27TestServicioConsultaHorario19hay_conflicto_falseEv]+0x3b): undefined reference to `ServicioConsultaHorario::ServicioConsultaHorario(HorarioSalida const&)'
/usr/bin/ld: test_servicio_consulta_horario.cpp:(.text._ZN27TestServicioConsultaHorario19hay_conflicto_falseEv[_ZN27TestServicioConsultaHorario19hay_conflicto_falseEv]+0x76): undefined reference to `ServicioConsultaHorario::hayConflicto(QString const&, int, int) const'
test_servicio_consulta_horario.cpp:(.text._ZN27TestServicioConsultaHorario32hay_conflicto_curso_no_existenteEv[_ZN27TestServicioConsultaHorario32hay_conflicto_curso_no_existenteEv]+0x3b): undefined reference to `ServicioConsultaHorario::ServicioConsultaHorario(HorarioSalida const&)'
/usr/bin/ld: test_servicio_consulta_horario.cpp:(.text._ZN27TestServicioConsultaHorario32hay_conflicto_curso_no_existenteEv[_ZN27TestServicioConsultaHorario32hay_conflicto_curso_no_existenteEv]+0x76): undefined reference to `ServicioConsultaHorario::hayConflicto(QString const&, int, int) const'
test_servicio_consulta_horario.cpp:(.text._ZN27TestServicioConsultaHorario38hay_conflicto_asignacion_no_encontradaEv[_ZN27TestServicioConsultaHorario38hay_conflicto_asignacion_no_encontradaEv]+0x3b): undefined reference to `ServicioConsultaHorario::ServicioConsultaHorario(HorarioSalida const&)'
/usr/bin/ld: test_servicio_consulta_horario.cpp:(.text._ZN27TestServicioConsultaHorario38hay_conflicto_asignacion_no_encontradaEv[_ZN27TestServicioConsultaHorario38hay_conflicto_asignacion_no_encontradaEv]+0x76): undefined reference to `ServicioConsultaHorario::hayConflicto(QString const&, int, int) const'
test_servicio_consulta_horario.cpp:(.text._ZN27TestServicioConsultaHorario29estadisticas_horario_completoEv[_ZN27TestServicioConsultaHorario29estadisticas_horario_completoEv]+0x41): undefined reference to `ServicioConsultaHorario::ServicioConsultaHorario(HorarioSalida const&)'
/usr/bin/ld: test_servicio_consulta_horario.cpp:(.text._ZN27TestServicioConsultaHorario29estadisticas_horario_completoEv[_ZN27TestServicioConsultaHorario29estadisticas_horario_completoEv]+0x5a): undefined reference to `ServicioConsultaHorario::obtenerEstadisticas() const'
test_servicio_consulta_horario.cpp:(.text._ZN27TestServicioConsultaHorario26estadisticas_horario_vacioEv[_ZN27TestServicioConsultaHorario26estadisticas_horario_vacioEv]+0x3a): undefined reference to `ServicioConsultaHorario::ServicioConsultaHorario(HorarioSalida const&)'
/usr/bin/ld: test_servicio_consulta_horario.cpp:(.text._ZN27TestServicioConsultaHorario26estadisticas_horario_vacioEv[_ZN27TestServicioConsultaHorario26estadisticas_horario_vacioEv]+0x50): undefined reference to `ServicioConsultaHorario::obtenerEstadisticas() const'
collect2: error: ld returned 1 exit status
test_servicio_horario_salida.cpp:(.text._ZN25TestServicioHorarioSalida4initEv[_ZN25TestServicioHorarioSalida4initEv]+0xd7): undefined reference to `ServicioHorarioSalida::ServicioHorarioSalida(QString const&)'
test_servicio_horario_salida.cpp:(.text._ZN25TestServicioHorarioSalida30listarArchivos_directorioVacioEv[_ZN25TestServicioHorarioSalida30listarArchivos_directorioVacioEv]+0x2b): undefined reference to `ServicioHorarioSalida::listarArchivos() const'
test_servicio_horario_salida.cpp:(.text._ZN25TestServicioHorarioSalida30listarArchivos_conArchivosJsonEv[_ZN25TestServicioHorarioSalida30listarArchivos_conArchivosJsonEv]+0x11c): undefined reference to `ServicioHorarioSalida::listarArchivos() const'
=== test/test_servicio_horario_salida ===
test_servicio_horario_salida.cpp:(.text._ZN25TestServicioHorarioSalida4initEv[_ZN25TestServicioHorarioSalida4initEv]+0xd7): undefined reference to `ServicioHorarioSalida::ServicioHorarioSalida(QString const&)'
test_servicio_horario_salida.cpp:(.text._ZN25TestServicioHorarioSalida30listarArchivos_directorioVacioEv[_ZN25TestServicioHorarioSalida30listarArchivos_directorioVacioEv]+0x2b): undefined reference to `ServicioHorarioSalida::listarArchivos() const'
test_servicio_horario_salida.cpp:(.text._ZN25TestServicioHorarioSalida30listarArchivos_conArchivosJsonEv[_ZN25TestServicioHorarioSalida30listarArchivos_conArchivosJsonEv]+0x11c): undefined reference to `ServicioHorarioSalida::listarArchivos() const'
test_servicio_horario_salida.cpp:(.text._ZN25TestServicioHorarioSalida27listarArchivos_ignoraNoJsonEv[_ZN25TestServicioHorarioSalida27listarArchivos_ignoraNoJsonEv]+0x16b): undefined reference to `ServicioHorarioSalida::listarArchivos() const'
test_servicio_horario_salida.cpp:(.text._ZN25TestServicioHorarioSalida36listarArchivos_directorioInexistenteEv[_ZN25TestServicioHorarioSalida36listarArchivos_directorioInexistenteEv]+0x64): undefined reference to `ServicioHorarioSalida::ServicioHorarioSalida(QString const&)'
/usr/bin/ld: test_servicio_horario_salida.cpp:(.text._ZN25TestServicioHorarioSalida36listarArchivos_directorioInexistenteEv[_ZN25TestServicioHorarioSalida36listarArchivos_directorioInexistenteEv]+0x95): undefined reference to `ServicioHorarioSalida::listarArchivos() const'
test_servicio_horario_salida.cpp:(.text._ZN25TestServicioHorarioSalida30cargarHorario_archivoExistenteEv[_ZN25TestServicioHorarioSalida30cargarHorario_archivoExistenteEv]+0xb2): undefined reference to `ServicioHorarioSalida::cargarHorario(QString const&)'
test_servicio_horario_salida.cpp:(.text._ZN25TestServicioHorarioSalida38cargarHorario_archivoInexistente_fallaEv[_ZN25TestServicioHorarioSalida38cargarHorario_archivoInexistente_fallaEv]+0x51): undefined reference to `ServicioHorarioSalida::cargarHorario(QString const&)'
test_servicio_horario_salida.cpp:(.text._ZN25TestServicioHorarioSalida32cargarHorario_jsonInvalido_fallaEv[_ZN25TestServicioHorarioSalida32cargarHorario_jsonInvalido_fallaEv]+0x105): undefined reference to `ServicioHorarioSalida::cargarHorario(QString const&)'
test_servicio_horario_salida.cpp:(.text._ZN25TestServicioHorarioSalida35cargarHorario_camposFaltantes_fallaEv[_ZN25TestServicioHorarioSalida35cargarHorario_camposFaltantes_fallaEv]+0x12c): undefined reference to `ServicioHorarioSalida::cargarHorario(QString const&)'
test_servicio_horario_salida.cpp:(.text._ZN25TestServicioHorarioSalida24guardarHorario_roundTripEv[_ZN25TestServicioHorarioSalida24guardarHorario_roundTripEv]+0x77): undefined reference to `ServicioHorarioSalida::guardarHorario(HorarioSalida const&, QString const&) const'
/usr/bin/ld: test_servicio_horario_salida.cpp:(.text._ZN25TestServicioHorarioSalida24guardarHorario_roundTripEv[_ZN25TestServicioHorarioSalida24guardarHorario_roundTripEv]+0x10e): undefined reference to `ServicioHorarioSalida::cargarHorario(QString const&)'
test_servicio_horario_salida.cpp:(.text._ZN25TestServicioHorarioSalida33guardarHorario_directorioNoExisteEv[_ZN25TestServicioHorarioSalida33guardarHorario_directorioNoExisteEv]+0x6a): undefined reference to `ServicioHorarioSalida::ServicioHorarioSalida(QString const&)'
/usr/bin/ld: test_servicio_horario_salida.cpp:(.text._ZN25TestServicioHorarioSalida33guardarHorario_directorioNoExisteEv[_ZN25TestServicioHorarioSalida33guardarHorario_directorioNoExisteEv]+0xd5): undefined reference to `ServicioHorarioSalida::guardarHorario(HorarioSalida const&, QString const&) const'
/usr/bin/ld: test_servicio_horario_salida.cpp:(.text._ZN25TestServicioHorarioSalida33guardarHorario_directorioNoExisteEv[_ZN25TestServicioHorarioSalida33guardarHorario_directorioNoExisteEv]+0x154): undefined reference to `ServicioHorarioSalida::cargarHorario(QString const&)'
test_servicio_horario_salida.cpp:(.text._ZN25TestServicioHorarioSalida25agregarAsignacion_exitosoEv[_ZN25TestServicioHorarioSalida25agregarAsignacion_exitosoEv]+0x77): undefined reference to `ServicioHorarioSalida::guardarHorario(HorarioSalida const&, QString const&) const'
/usr/bin/ld: test_servicio_horario_salida.cpp:(.text._ZN25TestServicioHorarioSalida25agregarAsignacion_exitosoEv[_ZN25TestServicioHorarioSalida25agregarAsignacion_exitosoEv]+0xd7): undefined reference to `ServicioHorarioSalida::cargarHorario(QString const&)'
/usr/bin/ld: test_servicio_horario_salida.cpp:(.text._ZN25TestServicioHorarioSalida25agregarAsignacion_exitosoEv[_ZN25TestServicioHorarioSalida25agregarAsignacion_exitosoEv]+0x19c): undefined reference to `ServicioHorarioSalida::agregarAsignacion(QString const&, int, AsignacionOutput const&)'
/usr/bin/ld: test_servicio_horario_salida.cpp:(.text._ZN25TestServicioHorarioSalida25agregarAsignacion_exitosoEv[_ZN25TestServicioHorarioSalida25agregarAsignacion_exitosoEv]+0x2ac): undefined reference to `ServicioHorarioSalida::obtenerCurso(QString const&) const'
test_servicio_horario_salida.cpp:(.text._ZN25TestServicioHorarioSalida40agregarAsignacion_cursoInexistente_fallaEv[_ZN25TestServicioHorarioSalida40agregarAsignacion_cursoInexistente_fallaEv]+0x77): undefined reference to `ServicioHorarioSalida::guardarHorario(HorarioSalida const&, QString const&) const'
/usr/bin/ld: test_servicio_horario_salida.cpp:(.text._ZN25TestServicioHorarioSalida40agregarAsignacion_cursoInexistente_fallaEv[_ZN25TestServicioHorarioSalida40agregarAsignacion_cursoInexistente_fallaEv]+0xd7): undefined reference to `ServicioHorarioSalida::cargarHorario(QString const&)'
/usr/bin/ld: test_servicio_horario_salida.cpp:(.text._ZN25TestServicioHorarioSalida40agregarAsignacion_cursoInexistente_fallaEv[_ZN25TestServicioHorarioSalida40agregarAsignacion_cursoInexistente_fallaEv]+0x16b): undefined reference to `ServicioHorarioSalida::agregarAsignacion(QString const&, int, AsignacionOutput const&)'
test_servicio_horario_salida.cpp:(.text._ZN25TestServicioHorarioSalida37agregarAsignacion_slotDuplicado_fallaEv[_ZN25TestServicioHorarioSalida37agregarAsignacion_slotDuplicado_fallaEv]+0x77): undefined reference to `ServicioHorarioSalida::guardarHorario(HorarioSalida const&, QString const&) const'
/usr/bin/ld: test_servicio_horario_salida.cpp:(.text._ZN25TestServicioHorarioSalida37agregarAsignacion_slotDuplicado_fallaEv[_ZN25TestServicioHorarioSalida37agregarAsignacion_slotDuplicado_fallaEv]+0xd7): undefined reference to `ServicioHorarioSalida::cargarHorario(QString const&)'
/usr/bin/ld: test_servicio_horario_salida.cpp:(.text._ZN25TestServicioHorarioSalida37agregarAsignacion_slotDuplicado_fallaEv[_ZN25TestServicioHorarioSalida37agregarAsignacion_slotDuplicado_fallaEv]+0x16b): undefined reference to `ServicioHorarioSalida::agregarAsignacion(QString const&, int, AsignacionOutput const&)'
test_servicio_horario_salida.cpp:(.text._ZN25TestServicioHorarioSalida26agregarAsignacion_nuevoDiaEv[_ZN25TestServicioHorarioSalida26agregarAsignacion_nuevoDiaEv]+0x77): undefined reference to `ServicioHorarioSalida::guardarHorario(HorarioSalida const&, QString const&) const'
/usr/bin/ld: test_servicio_horario_salida.cpp:(.text._ZN25TestServicioHorarioSalida26agregarAsignacion_nuevoDiaEv[_ZN25TestServicioHorarioSalida26agregarAsignacion_nuevoDiaEv]+0xd7): undefined reference to `ServicioHorarioSalida::cargarHorario(QString const&)'
/usr/bin/ld: test_servicio_horario_salida.cpp:(.text._ZN25TestServicioHorarioSalida26agregarAsignacion_nuevoDiaEv[_ZN25TestServicioHorarioSalida26agregarAsignacion_nuevoDiaEv]+0x16b): undefined reference to `ServicioHorarioSalida::agregarAsignacion(QString const&, int, AsignacionOutput const&)'
/usr/bin/ld: test_servicio_horario_salida.cpp:(.text._ZN25TestServicioHorarioSalida26agregarAsignacion_nuevoDiaEv[_ZN25TestServicioHorarioSalida26agregarAsignacion_nuevoDiaEv]+0x1f9): undefined reference to `ServicioHorarioSalida::obtenerCurso(QString const&) const'
test_servicio_horario_salida.cpp:(.text._ZN25TestServicioHorarioSalida26eliminarAsignacion_exitosoEv[_ZN25TestServicioHorarioSalida26eliminarAsignacion_exitosoEv]+0x77): undefined reference to `ServicioHorarioSalida::guardarHorario(HorarioSalida const&, QString const&) const'
/usr/bin/ld: test_servicio_horario_salida.cpp:(.text._ZN25TestServicioHorarioSalida26eliminarAsignacion_exitosoEv[_ZN25TestServicioHorarioSalida26eliminarAsignacion_exitosoEv]+0xd7): undefined reference to `ServicioHorarioSalida::cargarHorario(QString const&)'
/usr/bin/ld: test_servicio_horario_salida.cpp:(.text._ZN25TestServicioHorarioSalida26eliminarAsignacion_exitosoEv[_ZN25TestServicioHorarioSalida26eliminarAsignacion_exitosoEv]+0x13f): undefined reference to `ServicioHorarioSalida::eliminarAsignacion(QString const&, int, int)'
/usr/bin/ld: test_servicio_horario_salida.cpp:(.text._ZN25TestServicioHorarioSalida26eliminarAsignacion_exitosoEv[_ZN25TestServicioHorarioSalida26eliminarAsignacion_exitosoEv]+0x1cd): undefined reference to `ServicioHorarioSalida::obtenerCurso(QString const&) const'
test_servicio_horario_salida.cpp:(.text._ZN25TestServicioHorarioSalida40eliminarAsignacion_slotInexistente_fallaEv[_ZN25TestServicioHorarioSalida40eliminarAsignacion_slotInexistente_fallaEv]+0x77): undefined reference to `ServicioHorarioSalida::guardarHorario(HorarioSalida const&, QString const&) const'
/usr/bin/ld: test_servicio_horario_salida.cpp:(.text._ZN25TestServicioHorarioSalida40eliminarAsignacion_slotInexistente_fallaEv[_ZN25TestServicioHorarioSalida40eliminarAsignacion_slotInexistente_fallaEv]+0xd7): undefined reference to `ServicioHorarioSalida::cargarHorario(QString const&)'
/usr/bin/ld: test_servicio_horario_salida.cpp:(.text._ZN25TestServicioHorarioSalida40eliminarAsignacion_slotInexistente_fallaEv[_ZN25TestServicioHorarioSalida40eliminarAsignacion_slotInexistente_fallaEv]+0x13f): undefined reference to `ServicioHorarioSalida::eliminarAsignacion(QString const&, int, int)'
test_servicio_horario_salida.cpp:(.text._ZN25TestServicioHorarioSalida39eliminarAsignacion_diaInexistente_fallaEv[_ZN25TestServicioHorarioSalida39eliminarAsignacion_diaInexistente_fallaEv]+0x77): undefined reference to `ServicioHorarioSalida::guardarHorario(HorarioSalida const&, QString const&) const'
/usr/bin/ld: test_servicio_horario_salida.cpp:(.text._ZN25TestServicioHorarioSalida39eliminarAsignacion_diaInexistente_fallaEv[_ZN25TestServicioHorarioSalida39eliminarAsignacion_diaInexistente_fallaEv]+0xd7): undefined reference to `ServicioHorarioSalida::cargarHorario(QString const&)'
/usr/bin/ld: test_servicio_horario_salida.cpp:(.text._ZN25TestServicioHorarioSalida39eliminarAsignacion_diaInexistente_fallaEv[_ZN25TestServicioHorarioSalida39eliminarAsignacion_diaInexistente_fallaEv]+0x13f): undefined reference to `ServicioHorarioSalida::eliminarAsignacion(QString const&, int, int)'
test_servicio_horario_salida.cpp:(.text._ZN25TestServicioHorarioSalida27modificarAsignacion_exitosoEv[_ZN25TestServicioHorarioSalida27modificarAsignacion_exitosoEv]+0x77): undefined reference to `ServicioHorarioSalida::guardarHorario(HorarioSalida const&, QString const&) const'
