-- The CXX compiler identification is GNU 12.2.0
-- Detecting CXX compiler ABI info
-- Detecting CXX compiler ABI info - done
-- Check for working CXX compiler: /usr/bin/c++ - skipped
-- Detecting CXX compile features
-- Detecting CXX compile features - done
-- Performing Test CMAKE_HAVE_LIBC_PTHREAD
-- Performing Test CMAKE_HAVE_LIBC_PTHREAD - Success
-- Found Threads: TRUE  
-- Performing Test HAVE_STDATOMIC
-- Performing Test HAVE_STDATOMIC - Success
-- Found WrapAtomic: TRUE  
-- Found OpenGL: /usr/lib/x86_64-linux-gnu/libOpenGL.so   
-- Found WrapOpenGL: TRUE  
-- Could NOT find XKB (missing: XKB_LIBRARY XKB_INCLUDE_DIR) (Required is at least version "0.5.0")
-- Found WrapVulkanHeaders: /usr/include  
-- Found ZLIB: /usr/local/lib/libz.so (found version "1.3.1") 
-- Found BZip2: /usr/local/lib/libbz2.so (found version "1.1.0") 
-- Looking for BZ2_bzCompressInit
-- Looking for BZ2_bzCompressInit - found
-- Found re2: /usr/local/lib/cmake/re2/re2Config.cmake (found version "11.0.0") 
-- Found Clp: /usr/local/lib/cmake/Clp/ClpConfig.cmake (found version "1.17.10") 
-- Found Cbc: /usr/local/lib/cmake/Cbc/CbcConfig.cmake (found version "2.10.12") 
-- Found Eigen3: /usr/local/share/eigen3/cmake/Eigen3Config.cmake (found version "3.4.0") 
-- Found SCIP: /usr/local/lib/cmake/scip/scip-config.cmake (found version "10.0.0") 
-- OR-Tools found - backend and solver enabled
-- Google Test found — GTest tests enabled
-- Configuring done
-- Generating done
-- Build files have been written to: /workspace/build
