QStandardPaths: XDG_RUNTIME_DIR not set, defaulting to '/tmp/runtime-root'
GestorProcesoBackend: lanzando "/workspace/build/src/app/gestor-horarios" QList("--backend")
This plugin does not support propagateSizeHints()
GestorProcesoBackend: proceso iniciado, verificando salud...
Cliente: Conectando al servidor IPC para operación: "health_check"
Cliente: Conectado al servidor. Enviando solicitud...
Cliente: Respuesta recibida — ÉXITO
GestorProcesoBackend: backend listo (verificación OK)
Frontend: backend listo
Cliente: Conectando al servidor IPC para operación: "health_check"
QLocalSocket::setServerName() called while not in unconnected state
Cliente: Error de conexión: "QLocalSocket::connectToserver: Operation not permitted when socket is in this state"
GestorProcesoBackend: verificación falló, reintentando...
Cliente: Conectando al servidor IPC para operación: "health_check"
QLocalSocket::setServerName() called while not in unconnected state
Cliente: Error de conexión: "QLocalSocket::connectToserver: Operation not permitted when socket is in this state"
GestorProcesoBackend: verificación falló, reintentando...
Cliente: Conectando al servidor IPC para operación: "health_check"
QLocalSocket::setServerName() called while not in unconnected state
Cliente: Error de conexión: "QLocalSocket::connectToserver: Operation not permitted when socket is in this state"
GestorProcesoBackend: verificación falló, reintentando...
Cliente: Conectando al servidor IPC para operación: "health_check"
QLocalSocket::setServerName() called while not in unconnected state
Cliente: Error de conexión: "QLocalSocket::connectToserver: Operation not permitted when socket is in this state"
GestorProcesoBackend: verificación falló, reintentando...
Cliente: Conectando al servidor IPC para operación: "health_check"
QLocalSocket::setServerName() called while not in unconnected state
Cliente: Error de conexión: "QLocalSocket::connectToserver: Operation not permitted when socket is in this state"
GestorProcesoBackend: verificación falló, reintentando...
Cliente: Conectando al servidor IPC para operación: "health_check"
QLocalSocket::setServerName() called while not in unconnected state
Cliente: Error de conexión: "QLocalSocket::connectToserver: Operation not permitted when socket is in this state"
GestorProcesoBackend: verificación falló, reintentando...
Cliente: Conectando al servidor IPC para operación: "health_check"
QLocalSocket::setServerName() called while not in unconnected state
Cliente: Error de conexión: "QLocalSocket::connectToserver: Operation not permitted when socket is in this state"
GestorProcesoBackend: verificación falló, reintentando...
Cliente: Conectando al servidor IPC para operación: "health_check"
QLocalSocket::setServerName() called while not in unconnected state
Cliente: Error de conexión: "QLocalSocket::connectToserver: Operation not permitted when socket is in this state"
GestorProcesoBackend: verificación falló, reintentando...
Cliente: Conectando al servidor IPC para operación: "health_check"
QLocalSocket::setServerName() called while not in unconnected state
Cliente: Error de conexión: "QLocalSocket::connectToserver: Operation not permitted when socket is in this state"
GestorProcesoBackend: verificación falló, reintentando...
Cliente: Conectando al servidor IPC para operación: "health_check"
QLocalSocket::setServerName() called while not in unconnected state
Cliente: Error de conexión: "QLocalSocket::connectToserver: Operation not permitted when socket is in this state"
GestorProcesoBackend: verificación falló, reintentando...
Cliente: Conectando al servidor IPC para operación: "health_check"
QLocalSocket::setServerName() called while not in unconnected state
Cliente: Error de conexión: "QLocalSocket::connectToserver: Operation not permitted when socket is in this state"
GestorProcesoBackend: verificación falló, reintentando...
Cliente: Conectando al servidor IPC para operación: "health_check"
QLocalSocket::setServerName() called while not in unconnected state
Cliente: Error de conexión: "QLocalSocket::connectToserver: Operation not permitted when socket is in this state"
GestorProcesoBackend: verificación falló, reintentando...
Cliente: Conectando al servidor IPC para operación: "health_check"
QLocalSocket::setServerName() called while not in unconnected state
Cliente: Error de conexión: "QLocalSocket::connectToserver: Operation not permitted when socket is in this state"
GestorProcesoBackend: verificación falló, reintentando...
Cliente: Conectando al servidor IPC para operación: "health_check"
QLocalSocket::setServerName() called while not in unconnected state
Cliente: Error de conexión: "QLocalSocket::connectToserver: Operation not permitted when socket is in this state"
GestorProcesoBackend: verificación falló, reintentando...
Cliente: Conectando al servidor IPC para operación: "health_check"
QLocalSocket::setServerName() called while not in unconnected state
Cliente: Error de conexión: "QLocalSocket::connectToserver: Operation not permitted when socket is in this state"
GestorProcesoBackend: verificación falló, reintentando...
Cliente: Conectando al servidor IPC para operación: "health_check"
QLocalSocket::setServerName() called while not in unconnected state
Cliente: Error de conexión: "QLocalSocket::connectToserver: Operation not permitted when socket is in this state"
GestorProcesoBackend: verificación falló, reintentando...
Cliente: Conectando al servidor IPC para operación: "health_check"
QLocalSocket::setServerName() called while not in unconnected state
Cliente: Error de conexión: "QLocalSocket::connectToserver: Operation not permitted when socket is in this state"
GestorProcesoBackend: verificación falló, reintentando...
Cliente: Conectando al servidor IPC para operación: "health_check"
QLocalSocket::setServerName() called while not in unconnected state
Cliente: Error de conexión: "QLocalSocket::connectToserver: Operation not permitted when socket is in this state"
GestorProcesoBackend: verificación falló, reintentando...
Cliente: Conectando al servidor IPC para operación: "health_check"
QLocalSocket::setServerName() called while not in unconnected state
Cliente: Error de conexión: "QLocalSocket::connectToserver: Operation not permitted when socket is in this state"
GestorProcesoBackend: verificación falló, reintentando...
Cliente: Conectando al servidor IPC para operación: "health_check"
QLocalSocket::setServerName() called while not in unconnected state
Cliente: Error de conexión: "QLocalSocket::connectToserver: Operation not permitted when socket is in this state"
GestorProcesoBackend: verificación falló, reintentando...
Cliente: Conectando al servidor IPC para operación: "health_check"
QLocalSocket::setServerName() called while not in unconnected state
Cliente: Error de conexión: "QLocalSocket::connectToserver: Operation not permitted when socket is in this state"
GestorProcesoBackend: verificación falló, reintentando...
Cliente: Conectando al servidor IPC para operación: "health_check"
QLocalSocket::setServerName() called while not in unconnected state
Cliente: Error de conexión: "QLocalSocket::connectToserver: Operation not permitted when socket is in this state"
GestorProcesoBackend: verificación falló, reintentando...
Cliente: Conectando al servidor IPC para operación: "health_check"
QLocalSocket::setServerName() called while not in unconnected state
Cliente: Error de conexión: "QLocalSocket::connectToserver: Operation not permitted when socket is in this state"
GestorProcesoBackend: verificación falló, reintentando...
Cliente: Conectando al servidor IPC para operación: "health_check"
QLocalSocket::setServerName() called while not in unconnected state
Cliente: Error de conexión: "QLocalSocket::connectToserver: Operation not permitted when socket is in this state"
GestorProcesoBackend: verificación falló, reintentando...
Cliente: Conectando al servidor IPC para operación: "health_check"
QLocalSocket::setServerName() called while not in unconnected state
Cliente: Error de conexión: "QLocalSocket::connectToserver: Operation not permitted when socket is in this state"
GestorProcesoBackend: verificación falló, reintentando...
Cliente: Conectando al servidor IPC para operación: "health_check"
QLocalSocket::setServerName() called while not in unconnected state
Cliente: Error de conexión: "QLocalSocket::connectToserver: Operation not permitted when socket is in this state"
GestorProcesoBackend: verificación falló, reintentando...
Cliente: Conectando al servidor IPC para operación: "health_check"
QLocalSocket::setServerName() called while not in unconnected state
Cliente: Error de conexión: "QLocalSocket::connectToserver: Operation not permitted when socket is in this state"
GestorProcesoBackend: verificación falló, reintentando...
Cliente: Conectando al servidor IPC para operación: "health_check"
QLocalSocket::setServerName() called while not in unconnected state
Cliente: Error de conexión: "QLocalSocket::connectToserver: Operation not permitted when socket is in this state"
GestorProcesoBackend: verificación falló, reintentando...
Cliente: Conectando al servidor IPC para operación: "health_check"
QLocalSocket::setServerName() called while not in unconnected state
Cliente: Error de conexión: "QLocalSocket::connectToserver: Operation not permitted when socket is in this state"
GestorProcesoBackend: verificación falló, reintentando...
Cliente: Conectando al servidor IPC para operación: "health_check"
QLocalSocket::setServerName() called while not in unconnected state
Cliente: Error de conexión: "QLocalSocket::connectToserver: Operation not permitted when socket is in this state"
GestorProcesoBackend: verificación falló, reintentando...
Cliente: Conectando al servidor IPC para operación: "health_check"
QLocalSocket::setServerName() called while not in unconnected state
Cliente: Error de conexión: "QLocalSocket::connectToserver: Operation not permitted when socket is in this state"
GestorProcesoBackend: verificación falló, reintentando...
Cliente: Conectando al servidor IPC para operación: "health_check"
QLocalSocket::setServerName() called while not in unconnected state
Cliente: Error de conexión: "QLocalSocket::connectToserver: Operation not permitted when socket is in this state"
GestorProcesoBackend: verificación falló, reintentando...
