Backend: iniciando en modo backend...
Servidor Middleware IPC escuchando en: "GestorHorarios_Middleware"
Backend: listo para recibir conexiones
"[2026-08-24 15:37:18.977] [Frontend -> Middleware] Operación: health_check"
"[2026-08-24 15:37:18.977] [Middleware -> Frontend] Operación: health-check [ok]"
"[2026-08-24 15:37:18.991] [Frontend -> Middleware] Operación: ready"
"[2026-08-24 15:37:18.991] [Middleware -> Frontend] Operación: ready [ok]"
"[2026-08-24 15:37:19.005] [Frontend -> Middleware] Operación: teacher_list"
"[2026-08-24 15:37:19.006] [Middleware -> Frontend] Operación: teacher_list [stub]"
"[2026-08-24 15:37:19.033] [Frontend -> Middleware] Operación: teacher_create"
"[2026-08-24 15:37:19.033] [Middleware -> Frontend] Operación: teacher_create [stub]"
"[2026-08-24 15:37:19.048] [Frontend -> Middleware] Operación: teacher_update"
"[2026-08-24 15:37:19.049] [Middleware -> Frontend] Operación: teacher_update [stub]"
"[2026-08-24 15:37:31.738] [Frontend -> Middleware] Operación: classroom_list"
"[2026-08-24 15:37:31.738] [Middleware -> Frontend] Operación: classroom_list [stub]"
"[2026-08-24 15:37:31.759] [Frontend -> Middleware] Operación: classroom_create"
"[2026-08-24 15:37:31.760] [Middleware -> Frontend] Operación: classroom_create [stub]"
"[2026-08-24 15:37:31.773] [Frontend -> Middleware] Operación: classroom_update"
"[2026-08-24 15:37:31.773] [Middleware -> Frontend] Operación: classroom_update [stub]"
"[2026-08-24 15:37:31.787] [Frontend -> Middleware] Operación: subject_list"
"[2026-08-24 15:37:31.787] [Middleware -> Frontend] Operación: subject_list [stub]"
"[2026-08-24 15:37:31.803] [Frontend -> Middleware] Operación: subject_create"
"[2026-08-24 15:37:31.803] [Middleware -> Frontend] Operación: subject_create [stub]"
"[2026-08-24 15:37:31.820] [Frontend -> Middleware] Operación: subject_update"
"[2026-08-24 15:37:31.820] [Middleware -> Frontend] Operación: subject_update [stub]"
"[2026-08-24 15:37:31.837] [Frontend -> Middleware] Operación: teacher_get"
"[2026-08-24 15:37:31.852] [Frontend -> Middleware] Operación: nonexistent_op"
"[2026-08-24 15:37:31.852] [Middleware -> Frontend] Operación: operación desconocida: nonexistent_op"
